<!DOCTYPE html><html lang="en-US" class="" data-primer><head><link href="https://a.slack-edge.com/d5fba4c/marketing/style/onetrust/onetrust_banner.css" rel="stylesheet" type="text/css" onload="window._cdn ? _cdn.ok(this, arguments) : null" onerror="window._cdn ? _cdn.failed(this, arguments) : null" crossorigin="anonymous"><link href="https://a.slack-edge.com/e06451a/style/libs/lato-2-compressed.css" rel="stylesheet" type="text/css" onload="window._cdn ? _cdn.ok(this, arguments) : null" onerror="window._cdn ? _cdn.failed(this, arguments) : null" crossorigin="anonymous"><link href="https://a.slack-edge.com/css/v5/style/_generic.typography.larsseit.85ad0e0bbe61bdbf62bdd9efa15a921e01033c37.css" rel="stylesheet" type="text/css" onload="window._cdn ? _cdn.ok(this, arguments) : null" onerror="window._cdn ? _cdn.failed(this, arguments) : null" crossorigin="anonymous"><link rel="canonical" href="https://slack.com">

<link rel="alternate" hreflang="en-us" href="https://slack.com">

<link rel="alternate" hreflang="en-au" href="https://slack.com/intl/en-au">

<link rel="alternate" hreflang="en-gb" href="https://slack.com/intl/en-gb">

<link rel="alternate" hreflang="en-in" href="https://slack.com/intl/en-in">

<link rel="alternate" hreflang="fr-ca" href="https://slack.com/intl/fr-ca">

<link rel="alternate" hreflang="fr-fr" href="https://slack.com/intl/fr-fr">

<link rel="alternate" hreflang="de-de" href="https://slack.com/intl/de-de">

<link rel="alternate" hreflang="es-es" href="https://slack.com/intl/es-es">

<link rel="alternate" hreflang="es-419" href="https://slack.com/intl/es-la">

<link rel="alternate" hreflang="ja-jp" href="https://slack.com/intl/ja-jp">

<link rel="alternate" hreflang="pt-br" href="https://slack.com/intl/pt-br">

<link rel="alternate" hreflang="ko-kr" href="https://slack.com/intl/ko-kr">

<link rel="alternate" hreflang="it-it" href="https://slack.com/intl/it-it">

<link rel="alternate" hreflang="zh-cn" href="https://slack.com/intl/zh-cn">

<link rel="alternate" hreflang="zh-tw" href="https://slack.com/intl/zh-tw">

<link rel="alternate" hreflang="x-default" href="https://slack.com">

<script>window.ts_endpoint_url = "https:\/\/slack.com\/beacon\/timing";(function(e) {
	var n=Date.now?Date.now():+new Date,r=e.performance||{},t=[],a={},i=function(e,n){for(var r=0,a=t.length,i=[];a>r;r++)t[r][e]==n&&i.push(t[r]);return i},o=function(e,n){for(var r,a=t.length;a--;)r=t[a],r.entryType!=e||void 0!==n&&r.name!=n||t.splice(a,1)};r.now||(r.now=r.webkitNow||r.mozNow||r.msNow||function(){return(Date.now?Date.now():+new Date)-n}),r.mark||(r.mark=r.webkitMark||function(e){var n={name:e,entryType:"mark",startTime:r.now(),duration:0};t.push(n),a[e]=n}),r.measure||(r.measure=r.webkitMeasure||function(e,n,r){n=a[n].startTime,r=a[r].startTime,t.push({name:e,entryType:"measure",startTime:n,duration:r-n})}),r.getEntriesByType||(r.getEntriesByType=r.webkitGetEntriesByType||function(e){return i("entryType",e)}),r.getEntriesByName||(r.getEntriesByName=r.webkitGetEntriesByName||function(e){return i("name",e)}),r.clearMarks||(r.clearMarks=r.webkitClearMarks||function(e){o("mark",e)}),r.clearMeasures||(r.clearMeasures=r.webkitClearMeasures||function(e){o("measure",e)}),e.performance=r,"function"==typeof define&&(define.amd||define.ajs)&&define("performance",[],function(){return r}) // eslint-disable-line
})(window);</script><script>

(function () {

	window.TSMark = function (mark_label) {
		if (!window.performance || !window.performance.mark) return;
		performance.mark(mark_label);
	};
	window.TSMark('start_load');


	window.TSMeasureAndBeacon = function (measure_label, start_mark_label) {
		if (!window.performance || !window.performance.mark || !window.performance.measure) {
			return;
		}

		performance.mark(start_mark_label + '_end');

		try {
			performance.measure(measure_label, start_mark_label, start_mark_label + '_end');
			window.TSBeacon(measure_label, performance.getEntriesByName(measure_label)[0].duration);
		} catch (e) {

		}
	};


	if ('sendBeacon' in navigator) {
		window.TSBeacon = function (label, value) {
			var endpoint_url = window.ts_endpoint_url || 'https://slack.com/beacon/timing';
			navigator.sendBeacon(
				endpoint_url + '?data=' + encodeURIComponent(label + ':' + value),
				''
			);
		};
	} else {
		window.TSBeacon = function (label, value) {
			var endpoint_url = window.ts_endpoint_url || 'https://slack.com/beacon/timing';
			new Image().src = endpoint_url + '?data=' + encodeURIComponent(label + ':' + value);
		};
	}
})();
</script><script>window.TSMark('step_load');</script><script>
(function () {
	function throttle(callback, intervalMs) {
		var wait = false;

		return function () {
			if (!wait) {
				callback.apply(null, arguments);
				wait = true;
				setTimeout(function () {
					wait = false;
				}, intervalMs);
			}
		};
	}

	function getGenericLogger() {
		return {
			warn: (msg) => {

				if (window.console && console.warn) return console.warn(msg);
			},
			error: (msg) => {
				if (!msg) return;

				if (window.TSBeacon) return window.TSBeacon(msg, 1);


				if (window.console && console.warn) return console.warn(msg);
			},
		};
	}

	function globalErrorHandler(evt) {
		if (!evt) return;


		var details = '';

		var node = evt.srcElement || evt.target;

		var genericLogger = getGenericLogger();





		if (node && node.nodeName) {
			var nodeSrc = '';
			if (node.nodeName === 'SCRIPT') {
				nodeSrc = node.src || 'unknown';
				var errorType = evt.type || 'error';


				details = `[${errorType}] from script at ${nodeSrc} (failed to load?)`;
			} else if (node.nodeName === 'IMG') {
				nodeSrc = node.src || node.currentSrc;

				genericLogger.warn(`<img> fired error with url = ${nodeSrc}`);
				return;
			}
		}


		if (evt.error && evt.error.stack) {
			details += ` ${evt.error.stack}`;
		}

		if (evt.filename) {

			var fileName = evt.filename;
			var lineNo = evt.lineno;
			var colNo = evt.colno;

			details += ` from ${fileName}`;


			if (lineNo) {
				details += ` @ line ${lineNo}, col ${colNo}`;
			}
		}

		var msg;


		if (evt.error && evt.error.stack) {

			msg = details;
		} else {

			msg = `${evt.message || ''} ${details}`;
		}


		if (msg && msg.replace) msg = msg.replace(/\s+/g, ' ').trim();

		if (!msg || !msg.length) {
			if (node) {
				var nodeName = node.nodeName || 'unknown';




				if (nodeName === 'VIDEO') {
					return;
				}

				msg = `error event from node of ${nodeName}, no message provided?`;
			} else {
				msg = 'error event fired, no relevant message or node found';
			}
		}

		var logPrefix = 'ERROR caught in js/inline/register_global_error_handler';

		msg = `${logPrefix} - ${msg}`;

		genericLogger.error(msg);
	}




	var capture = true;


	var throttledHandler = throttle(globalErrorHandler, 10000);

	window.addEventListener('error', throttledHandler, capture);
})();
</script><script type="text/javascript" crossorigin="anonymous" src="https://a.slack-edge.com/bv1-10/manifest.b039310.primer.min.js" onload="window._cdn ? _cdn.ok(this, arguments) : null" onerror="window._cdn ? _cdn.failed(this, arguments) : null"></script><noscript><meta http-equiv="refresh" content="0; URL=/?redir=%2Ffiles%2FU017E22LZEU%2FF063232T1BP%2Feqdsk_cocos_02.out%3Fu%3DU017E22LZEU%26file_id%3DF063232T1BP%26name%3Deqdsk_cocos_02.out&amp;nojsmode=1"></noscript><script type="text/javascript">var safe_hosts = ['app.optimizely.com', 'tinyspeck.dev.slack.com'];

if (self !== top && safe_hosts.indexOf(top.location.host) === -1) {
	window.document.write(
		'\u003Cstyle>body * {display:none !important;}\u003C/style>\u003Ca href="#" onclick=' +
			'"top.location.href=window.location.href" style="display:block !important;padding:10px">Go to Slack.com\u003C/a>'
	);
}

(function() {
	var timer;
	if (self !== top && safe_hosts.indexOf(top.location.host) === -1) {
		timer = window.setInterval(function() {
			if (window) {
				try {
					var pageEl = document.getElementById('page');
					var clientEl = document.getElementById('client-ui');
					var sectionEls = document.querySelectorAll('nav, header, section');

					pageEl.parentNode.removeChild(pageEl);
					clientEl.parentNode.removeChild(clientEl);
					for (var i = 0; i < sectionEls.length; i++) {
						sectionEls[i].parentNode.removeChild(sectionEls[i]);
					}
					window.TS = null;
					window.TD = null;
					window.clearInterval(timer);
				} catch (e) {}
			}
		}, 200);
	}
})();</script><script src="https://cdn.cookielaw.org/scripttemplates/otSDKStub.js" data-document-language="true" data-domain-script="3bcd90cf-1e32-46d7-adbd-634f66b65b7d">window.OneTrustLoaded = true;</script><script>window.OneTrustLoaded = true;</script><script>

function bootDrift() {
	if (window.drift_loaded) return;
	if (!window.OnetrustActiveGroups || false) {
		window.drift_loaded = true;
		setTimeout(
			function() {
			window.generateNewContext = () => {
					return {
						window: {
							location: {
								hash: window.location.hash,
								host: window.location.host,
								hostname: window.location.hostname,
								href: window.location.href,
								origin: window.location.origin,
								pathname: window.location.pathname,
								port: window.location.port,
								protocol: window.location.protocol,
								search: window.location.search,
							},
							navigator: {
								language: window.navigator.language,
								browserLanguage: window.navigator.browserLanguage,
								userAgent: window.navigator.userAgent,
							},
							innerHeight: window.innerHeight,
							innerWidth: window.innerWidth,
						},
						document: {
							title: document.title,
							referrer: document.referrer,
						},
					};
				};
				window.addEventListener("resize", () => {
					const driftiframe = document.getElementById("drift-iframe");
					if (!driftiframe) return;
					driftiframe.contentWindow.postMessage({type: "driftUpdateContext", data: generateNewContext()}, "*");
				});
				window.addEventListener("scroll", (event) => {
					const driftiframe = document.getElementById("drift-iframe");
					if (!driftiframe) return;
					driftiframe.contentWindow.postMessage({type: "driftParentScroll", data: {scroll: true}, target: "drift.parentScroll"}, "*");
				});
				window.addEventListener("message", function (event) {
					const driftiframe = document.getElementById("drift-iframe");
					if (!driftiframe) return;
					if (!driftiframe.contentWindow && event.source === driftiframe.contentWindow) return;
					// on startup - pass created context into iframe
					var message = event.data;
					if (message.type === "driftIframeReady") {
						driftiframe.contentWindow.postMessage({type: "driftSetContext", data: generateNewContext()}, "*");
					}
					// on widget size change - apply new size / positioning to iframe
					if (message.type === "driftIframeResize") {
						var styles = message.data.styles;
						for (var key in styles) {
							if (!styles.hasOwnProperty(key)) {
								continue;
							}
							driftiframe.style.setProperty(key, styles[key]);
						}
					}
				});
			},
		0);
	}
}
function OptanonWrapper() {
	window.dataLayer.push({'event': 'OneTrustReady'});
	if (!Optanon.GetDomainData().ShowAlertNotice || false) {
		bootDrift();
		const bottomBannerEl = document.querySelector('.c-announcement-banner-bottom');
		if (bottomBannerEl !== null) {
			bottomBannerEl.classList.remove('c-announcement-banner-bottom-invisible');
		}

	}
	Optanon.OnConsentChanged(function() {
		bootDrift();
		const bottomBannerEl = document.querySelector('.c-announcement-banner-bottom');
		if (bottomBannerEl !== null) {
			bottomBannerEl.classList.remove('c-announcement-banner-bottom-invisible');
		}
	});
}</script><meta name="facebook-domain-verification" content="chiwsajpoybn2cnqyj9w8mvrey56m0"><script type="text/javascript">
document.addEventListener("DOMContentLoaded", function(e) {
	var gtmDataLayer = window.dataLayer || [];
	var gtmTags = document.querySelectorAll('*[data-gtm-click]');
	var gtmClickHandler = function(c) {
		var gtm_events = this.getAttribute('data-gtm-click');
		if (!gtm_events) return;
		var gtm_events_arr = gtm_events.split(",");
		for(var e=0; e < gtm_events_arr.length; e++) {
			var ev = gtm_events_arr[e].trim();
			gtmDataLayer.push({ 'event': ev });
		}
	};
	for(var g=0; g < gtmTags.length; g++){
		var elem = gtmTags[g];
		elem.addEventListener('click', gtmClickHandler);
	}
});
</script><script type="text/javascript">
(function(e,c,b,f,d,g,a){e.SlackBeaconObject=d;
e[d]=e[d]||function(){(e[d].q=e[d].q||[]).push([1*new Date(),arguments])};
e[d].l=1*new Date();g=c.createElement(b);a=c.getElementsByTagName(b)[0];
g.async=1;g.src=f;a.parentNode.insertBefore(g,a)
})(window,document,"script","https://a.slack-edge.com/bv1-10/slack_beacon.a9d4f78a43abd6d9495d.min.js","sb");
window.sb('set', 'token', '3307f436963e02d4f9eb85ce5159744c');
window.sb('track', 'pageview');
</script><script type="text/javascript">var TS_last_log_date = null;
var TSMakeLogDate = function() {
	var date = new Date();

	var y = date.getFullYear();
	var mo = date.getMonth()+1;
	var d = date.getDate();

	var time = {
	  h: date.getHours(),
	  mi: date.getMinutes(),
	  s: date.getSeconds(),
	  ms: date.getMilliseconds()
	};

	Object.keys(time).map(function(moment, index) {
		if (moment == 'ms') {
			if (time[moment] < 10) {
				time[moment] = time[moment]+'00';
			} else if (time[moment] < 100) {
				time[moment] = time[moment]+'0';
			}
		} else if (time[moment] < 10) {
			time[moment] = '0' + time[moment];
		}
	});

	var str = y + '/' + mo + '/' + d + ' ' + time.h + ':' + time.mi + ':' + time.s + '.' + time.ms;
	if (TS_last_log_date) {
		var diff = date-TS_last_log_date;
		//str+= ' ('+diff+'ms)';
	}
	TS_last_log_date = date;
	return str+' ';
}

var parseDeepLinkRequest = function(code) {
	var m = code.match(/"id":"([CDG][A-Z0-9]{8,})"/);
	var id = m ? m[1] : null;

	m = code.match(/"team":"(T[A-Z0-9]{8,})"/);
	var team = m ? m[1] : null;

	m = code.match(/"message":"([0-9]+\.[0-9]+)"/);
	var message = m ? m[1] : null;

	return { id: id, team: team, message: message };
}

if ('rendererEvalAsync' in window) {
	var origRendererEvalAsync = window.rendererEvalAsync;
	window.rendererEvalAsync = function(blob) {
		try {
			var data = JSON.parse(decodeURIComponent(atob(blob)));
			if (data.code.match(/handleDeepLink/)) {
				var request = parseDeepLinkRequest(data.code);
				if (!request.id || !request.team || !request.message) return;

				request.cmd = 'channel';
				TSSSB.handleDeepLinkWithArgs(JSON.stringify(request));
				return;
			} else {
				origRendererEvalAsync(blob);
			}
		} catch (e) {
		}
	}
}</script><script type="text/javascript">var TSSSB = {
	call: function() {
		return false;
	}
};</script><title>Slack</title><meta name="referrer" content="no-referrer"><meta name="superfish" content="nofish"><meta name="author" content="Slack"><meta name="description" content=""><meta name="keywords" content=""></head><body class="full_height"><div id="page_contents"><div id="props_node" data-props="{&quot;loggedInTeams&quot;:[],&quot;entryPoint&quot;:&quot;&quot;,&quot;isPaidTeam&quot;:false,&quot;teamName&quot;:&quot;Princeton University&quot;,&quot;teamDomain&quot;:&quot;plasmacontrol&quot;,&quot;encodedTeamId&quot;:&quot;T0E386R5Z&quot;,&quot;emailJustSent&quot;:false,&quot;shouldRedirect&quot;:true,&quot;redirectURL&quot;:&quot;\/files\/U017E22LZEU\/F063232T1BP\/eqdsk_cocos_02.out?u=U017E22LZEU&amp;file_id=F063232T1BP&amp;name=eqdsk_cocos_02.out&quot;,&quot;redirectQs&quot;:&quot;\/?redir=%2Ffiles%2FU017E22LZEU%2FF063232T1BP%2Feqdsk_cocos_02.out%3Fu%3DU017E22LZEU%26file_id%3DF063232T1BP%26name%3Deqdsk_cocos_02.out&quot;,&quot;remember&quot;:false,&quot;hasRemember&quot;:true,&quot;noSSO&quot;:false,&quot;crumbValue&quot;:&quot;s-1700073222-07ada7c43f872d783083c6502bf425ab68f59a27cfb41300273ce83aceffb151-\u2603&quot;,&quot;isSSB&quot;:false,&quot;isSSBSignIn&quot;:false,&quot;isSSBSonicSignIn&quot;:false,&quot;SSBVersion&quot;:&quot;&quot;,&quot;hasEmailError&quot;:false,&quot;emailValue&quot;:&quot;&quot;,&quot;hasPasswordError&quot;:false,&quot;isMobileBrowser&quot;:false,&quot;hasAuthReloginFlow&quot;:false,&quot;hasRateLimit&quot;:false,&quot;recaptchaSitekey&quot;:&quot;6LcQQiYUAAAAADxJHrihACqD5wf3lksm9jbnRY5k&quot;,&quot;hasSmsRateLimit&quot;:false,&quot;forgotPasswordLink&quot;:&quot;\/forgot&quot;,&quot;showSignupEmailLink&quot;:true,&quot;getStartedLink&quot;:&quot;https:\/\/slack.com\/get-started#\/find&quot;,&quot;isSSOAuthMode&quot;:false,&quot;isNormalAuthMode&quot;:true,&quot;signinUrl&quot;:&quot;https:\/\/slack.com\/signin&quot;,&quot;signinFindUrl&quot;:&quot;https:\/\/slack.com\/signin\/find&quot;,&quot;ssbRelogin&quot;:&quot;&quot;,&quot;isLoggedOutSSOMaybeRequired&quot;:false,&quot;isLoggedOutRedirect&quot;:true,&quot;teamAuthMode&quot;:null,&quot;authModeGoogle&quot;:&quot;google&quot;,&quot;samlProviderLabel&quot;:null,&quot;errorSource&quot;:&quot;&quot;,&quot;errorMissing&quot;:false,&quot;errorNoUser&quot;:false,&quot;errorDeleted&quot;:false,&quot;errorPassword&quot;:false,&quot;errorSSONoOwner&quot;:false,&quot;errorSSONonRA&quot;:false,&quot;errorTwoFactorWrong&quot;:false,&quot;errorSmsRateLimit&quot;:false,&quot;errorConfirmed&quot;:false,&quot;errorNoPassword&quot;:false,&quot;errorTwoFactorState&quot;:false,&quot;hasEmailOnDomain&quot;:false,&quot;truncatedEmailDomains&quot;:null,&quot;truncatedEmailDomainsCount&quot;:0,&quot;formattedEmailDomains&quot;:&quot;&quot;,&quot;isReloginFlow&quot;:false,&quot;downloadLinkSigninCTA&quot;:{&quot;linkUrl&quot;:&quot;\/get-started#\/create&quot;,&quot;isDownload&quot;:false},&quot;twoFactorRequired&quot;:false,&quot;usingBackup&quot;:null,&quot;twoFactorType&quot;:null,&quot;twoFactorBackupType&quot;:null,&quot;twoFactorRequiredML&quot;:null,&quot;authcodeInputType&quot;:&quot;text&quot;,&quot;backupPhoneNumber&quot;:null,&quot;forgotPasswordError&quot;:&quot;&quot;,&quot;resetLinkSent&quot;:false,&quot;userOauth&quot;:{&quot;apple&quot;:{&quot;enabled&quot;:true,&quot;redirect_url&quot;:&quot;https:\/\/plasmacontrol.slack.com\/workspace-signin\/oauth\/apple\/start?redir=%2Ffiles%2FU017E22LZEU%2FF063232T1BP%2Feqdsk_cocos_02.out%3Fu%3DU017E22LZEU%26file_id%3DF063232T1BP%26name%3Deqdsk_cocos_02.out&amp;is_ssb_browser_signin=&quot;},&quot;google&quot;:{&quot;enabled&quot;:true,&quot;redirect_url&quot;:&quot;https:\/\/plasmacontrol.slack.com\/workspace-signin\/oauth\/google\/start?redir=%2Ffiles%2FU017E22LZEU%2FF063232T1BP%2Feqdsk_cocos_02.out%3Fu%3DU017E22LZEU%26file_id%3DF063232T1BP%26name%3Deqdsk_cocos_02.out&amp;is_ssb_browser_signin=&quot;}},&quot;isUrgentBannerExpOn&quot;:false,&quot;isWarningBannerExpOn&quot;:false,&quot;signInWithPassword&quot;:false}"></div></div><script type="text/javascript">
/**
 * A placeholder function that the build script uses to
 * replace file paths with their CDN versions.
 *
 * @param {String} file_path - File path
 * @returns {String}
 */
function vvv(file_path) {
		 var vvv_warning = 'You cannot use vvv on dynamic values. Please make sure you only pass in static file paths.'; if (window.TS && window.TS.warn) { window.TS.warn(vvv_warning); } else { console.warn(vvv_warning); }
	return file_path;
}

var cdn_url = "https:\/\/a.slack-edge.com";
var vvv_abs_url = "https:\/\/slack.com\/";
var inc_js_setup_data = {
	emoji_sheets: {
		apple: 'https://a.slack-edge.com/80588/img/emoji_2017_12_06/sheet_apple_64_indexed_256.png',
		google: 'https://a.slack-edge.com/80588/img/emoji_2017_12_06/sheet_google_64_indexed_256.png',
	},
};
</script><script nonce="" type="text/javascript">	// common boot_data
	var boot_data = {"cdn":{"edges":["https:\/\/a.slack-edge.com\/","https:\/\/b.slack-edge.com\/","https:\/\/a.slack-edge.com\/"],"avatars":"https:\/\/ca.slack-edge.com\/","downloads":"https:\/\/downloads.slack-edge.com\/","files":"https:\/\/slack-files.com\/"},"feature_builder_story_step":false,"feature_day2_share_modal":true,"feature_tinyspeck":false,"feature_olug_esc_channels_work":true,"feature_olug_remove_required_workspace_setting":false,"feature_data_table_in_org_level_user_groups":false,"feature_org_settings_m11n":false,"feature_deprecate_get_member_by_name":false,"feature_add_message_perf":false,"feature_amazon_a11y_custom_status_emoji":true,"feature_file_threads":true,"feature_broadcast_indicator":true,"feature_new_replies_after_bcast":true,"feature_sonic_emoji":true,"feature_attachments_inline":false,"feature_desktop_symptom_events":true,"feature_ent_admin_approved_apps_v2":true,"feature_shared_channels_multi_org_qa_limit_override":false,"feature_gdpr_user_join_tos":true,"feature_user_invite_tos_april_2018":true,"feature_enrich_fetch_team_user_from_db":true,"feature_channel_mgmt_message_count":false,"feature_whitelist_zendesk_chat_widget":false,"feature_use_imgproxy_resizing":true,"feature_boards_in_dev":false,"feature_disable_bk_in_thread":true,"feature_channel_exports":false,"feature_docs_mentions_and_channels":false,"feature_calls_survey_request_response":true,"feature_sidebar_theme_undo":true,"feature_allow_intra_word_formatting":true,"feature_slim_scrollbar":false,"feature_edge_upload_proxy_check":false,"feature_unread_counts_delay":true,"feature_legacy_file_upload_analytics":true,"feature_mpdm_limit_channel_creation":false,"feature_ms_latest":true,"feature_rooms_join_url":false,"feature_custom_status_calendar_sync_copy":true,"feature_custom_status_calendar_sync":true,"feature_mask_undocumented_errors":false,"feature_app_views_reminders":true,"feature_reminders_org_shard":false,"feature_reminders_grid_migrations_org_shard":false,"feature_blocks_reminders_list":false,"feature_message_blocks":false,"feature_set_tz_automatically":true,"feature_confirm_clear_all_unreads_pref":true,"feature_block_mounts":true,"feature_attachments_v2":true,"feature_group_block":false,"feature_block_kit_range_datepicker":false,"feature_soft_delete_app_homes_on_user_deactivation":false,"feature_beacon_js_errors":false,"feature_user_app_disable_speed_bump":true,"feature_apps_manage_permissions_scope_changes":true,"feature_p2p":false,"feature_pages_example":false,"feature_iap1":false,"feature_ia_ga":true,"feature_ia_i18n":true,"feature_ia_member_profile":true,"feature_workspace_scim_management":false,"feature_desktop_reload_on_generic_error":true,"feature_desktop_extend_app_menu":true,"feature_desktop_restart_service_worker":false,"feature_desktop_system_notification_playback":false,"feature_bots_not_members":true,"feature_wta_stop_creation":true,"feature_platform_deprecations_fe":true,"feature_no_socket_mode":false,"feature_no_callback_id_edit":false,"feature_admin_email_change_confirm":false,"feature_screen_share_needs_aero":false,"feature_emoji_by_id":true,"feature_channel_invite_tokenization":true,"feature_email_notify":false,"feature_improved_email_rendering":true,"feature_mini_browser_translations":false,"feature_unfurl_metadata":false,"feature_paperclip_coachmark_experiments":true,"feature_plus_menu_add_apps_link":false,"feature_recent_files_omnipicker":false,"feature_recent_desktop_files":true,"feature_connect_deeplink":false,"feature_cea_allowlist_changes":false,"feature_cea_channel_management":true,"feature_cea_admin_controls":false,"feature_cea_allowlist_changes_plus":false,"feature_ia_layout":true,"feature_misc_ia_a11y_translations":false,"feature_threaded_call_block":false,"feature_enterprise_mobile_device_check":true,"feature_new_copy_for_identity_basic":false,"feature_trace_webapp_init":true,"feature_trace_jq_init":true,"feature_seven_days_email_update":true,"feature_indonesia_tax_change_notification":false,"feature_indonesia_tax_assessment":false,"feature_channel_sections":true,"feature_channel_sections_sidebar_behavior_ui":false,"feature_migrate_google_directory_apis":true,"feature_show_email_forwarded_by":false,"feature_download_finder_update":true,"feature_share_modal_dialog":true,"feature_block_files_esc":true,"feature_invite_new_error":true,"feature_mpdm_audience_expansion":true,"feature_xws_user_groups_selector":true,"feature_accessible_date_picker_select":false,"feature_remove_email_preview_link":true,"feature_desktop_enable_tslog":false,"feature_desktop_enable_sticky_notification_pref":false,"feature_ntlm_domain_approval_ui":false,"feature_email_determine_charset":true,"feature_windows7_deprecation":true,"feature_windows7_deprecation_modal":false,"feature_no_deprecation_in_updater":false,"feature_user_prefers_paused_animations":true,"feature_ez_subscribe_v_1_stage_0":false,"feature_pea_domain_allowlist":true,"feature_composer_auth_admin":true,"experiment_assignments":{"mris_usercreator_live":{"experiment_id":"4921780175444","type":"visitor","group":"on","trigger":"launch_visitor","schedule_ts":1699645684,"log_exposures":false,"exposure_id":"ce07dece7dd18fd46d534ac09338574f"},"mris_extension":{"experiment_id":"4746206947365","type":"visitor","group":"on","trigger":"launch_visitor","schedule_ts":1699645645,"log_exposures":false,"exposure_id":"ce07dece7dd18fd46d534ac09338574f"},"pricing_copy_exp":{"experiment_id":"6108244238771","type":"visitor","group":"treatmentb","trigger":"hash_visitor","schedule_ts":1699376671,"log_exposures":true,"exposure_id":"ce07dece7dd18fd46d534ac09338574f"},"marketing_cj":{"experiment_id":"5820701519667","type":"visitor","group":"on","trigger":"launch_visitor","schedule_ts":1699033035,"log_exposures":false,"exposure_id":"ce07dece7dd18fd46d534ac09338574f"},"deny_russian_ip":{"experiment_id":"3201051153989","type":"visitor","group":"on","trigger":"finished","log_exposures":false,"exposure_id":"ce07dece7dd18fd46d534ac09338574f"},"pxp862visitor":{"experiment_id":"5396563856918","type":"visitor","group":"on","trigger":"finished","log_exposures":false,"exposure_id":"ce07dece7dd18fd46d534ac09338574f"},"partner_offers_link":{"experiment_id":"6028568809364","type":"visitor","group":"treatment","trigger":"launch_visitor","schedule_ts":1697566731,"log_exposures":false,"exposure_id":"ce07dece7dd18fd46d534ac09338574f"},"marketing_hc_contact_page":{"experiment_id":"5916085064160","type":"visitor","group":"on","trigger":"launch_visitor","schedule_ts":1697042124,"log_exposures":false,"exposure_id":"ce07dece7dd18fd46d534ac09338574f"},"hotfix_expansion":{"experiment_id":"5979201817585","type":"visitor","group":"on","trigger":"launch_visitor","schedule_ts":1696883215,"log_exposures":false,"exposure_id":"ce07dece7dd18fd46d534ac09338574f"},"slack_phone_number_exp":{"experiment_id":"5760998465057","type":"visitor","group":"control","trigger":"hash_visitor","schedule_ts":1696871761,"log_exposures":true,"exposure_id":"ce07dece7dd18fd46d534ac09338574f"},"asean_website_personalization":{"experiment_id":"5937603225537","type":"visitor","group":"treatment","trigger":"launch_visitor","schedule_ts":1696267384,"log_exposures":false,"exposure_id":"ce07dece7dd18fd46d534ac09338574f"},"ia4_asset_refresh":{"experiment_id":"5640552621317","type":"visitor","group":"on","trigger":"launch_visitor","schedule_ts":1696262472,"log_exposures":false,"exposure_id":"ce07dece7dd18fd46d534ac09338574f"},"activation_browser_deprecation_red_banner_september_2023":{"experiment_id":"5027493502468","type":"visitor","group":"on","trigger":"launch_visitor","schedule_ts":1691614144,"log_exposures":false,"exposure_id":"ce07dece7dd18fd46d534ac09338574f"},"activation_browser_deprecation_warning_april_2023":{"experiment_id":"5020588114917","type":"visitor","group":"on","trigger":"launch_visitor","schedule_ts":1682961378,"log_exposures":false,"exposure_id":"ce07dece7dd18fd46d534ac09338574f"},"valid_global_session_when_fetch_cookie_sessions":{"experiment_id":"5771070997317","type":"visitor","group":"on","trigger":"launch_visitor","schedule_ts":1695047294,"log_exposures":false,"exposure_id":"ce07dece7dd18fd46d534ac09338574f"},"tos_update_joiner_creator":{"experiment_id":"5855356303575","type":"visitor","group":"on","trigger":"launch_visitor","schedule_ts":1695422897,"log_exposures":false,"exposure_id":"ce07dece7dd18fd46d534ac09338574f"},"contact_sales_ux3":{"experiment_id":"5476575851474","type":"visitor","group":"treatment","trigger":"finished","log_exposures":false,"exposure_id":"ce07dece7dd18fd46d534ac09338574f"},"trials_tabs":{"experiment_id":"5755848165412","type":"visitor","group":"control","trigger":"finished","log_exposures":false,"exposure_id":"ce07dece7dd18fd46d534ac09338574f"},"marketing_reduced_motion":{"experiment_id":"5826919938434","type":"visitor","group":"on","trigger":"launch_visitor","schedule_ts":1693521058,"log_exposures":false,"exposure_id":"ce07dece7dd18fd46d534ac09338574f"},"clean_up_users_and_users_team_table":{"experiment_id":"5443336696086","type":"visitor","group":"on","trigger":"launch_visitor","schedule_ts":1692367247,"log_exposures":false,"exposure_id":"ce07dece7dd18fd46d534ac09338574f"},"expanded_nav_tab_mob":{"experiment_id":"5454526065121","type":"visitor","group":"treatment","trigger":"launch_visitor","schedule_ts":1690319627,"log_exposures":false,"exposure_id":"ce07dece7dd18fd46d534ac09338574f"},"expanded_nav_desktop":{"experiment_id":"5311612083732","type":"visitor","group":"treatment","trigger":"launch_visitor","schedule_ts":1684852542,"log_exposures":false,"exposure_id":"ce07dece7dd18fd46d534ac09338574f"},"activation_browser_deprecation_warning_august_2023":{"experiment_id":"5639910282661","type":"visitor","group":"on","trigger":"launch_visitor","schedule_ts":1691612589,"log_exposures":false,"exposure_id":"ce07dece7dd18fd46d534ac09338574f"},"customer_stories_v3":{"experiment_id":"5043922028499","type":"visitor","group":"on","trigger":"launch_visitor","schedule_ts":1690582218,"log_exposures":false,"exposure_id":"ce07dece7dd18fd46d534ac09338574f"},"swap_ukraine_logo_toggle":{"experiment_id":"5598910456034","type":"visitor","group":"on","trigger":"launch_visitor","schedule_ts":1689885040,"log_exposures":false,"exposure_id":"ce07dece7dd18fd46d534ac09338574f"},"contact_sales_ux":{"experiment_id":"4980218157648","type":"visitor","group":"control","trigger":"finished","log_exposures":false,"exposure_id":"ce07dece7dd18fd46d534ac09338574f"},"verify_session_from_supercookie":{"experiment_id":"5335820669477","type":"visitor","group":"on","trigger":"launch_visitor","schedule_ts":1686073418,"log_exposures":false,"exposure_id":"ce07dece7dd18fd46d534ac09338574f"},"skip_supercookie_rotate_when_removed":{"experiment_id":"5239448035205","type":"visitor","group":"on","trigger":"launch_visitor","schedule_ts":1684284891,"log_exposures":false,"exposure_id":"ce07dece7dd18fd46d534ac09338574f"},"cust_acq_blog_rss_feed":{"experiment_id":"5272813080135","type":"visitor","group":"on","trigger":"launch_visitor","schedule_ts":1684774510,"log_exposures":false,"exposure_id":"ce07dece7dd18fd46d534ac09338574f"},"ssp_migration_highlighter":{"experiment_id":"5163051245826","type":"visitor","group":"on","trigger":"launch_visitor","schedule_ts":1684321180,"log_exposures":false,"exposure_id":"ce07dece7dd18fd46d534ac09338574f"},"shipt_title_may":{"experiment_id":"5212789998101","type":"visitor","group":"on","trigger":"launch_visitor","schedule_ts":1683258792,"log_exposures":false,"exposure_id":"ce07dece7dd18fd46d534ac09338574f"},"ssp_migration_linksafety":{"experiment_id":"5050482592198","type":"visitor","group":"on","trigger":"launch_visitor","schedule_ts":1680679844,"log_exposures":false,"exposure_id":"ce07dece7dd18fd46d534ac09338574f"},"ssp_migration_twittersub":{"experiment_id":"5076974947479","type":"visitor","group":"on","trigger":"launch_visitor","schedule_ts":1681312255,"log_exposures":false,"exposure_id":"ce07dece7dd18fd46d534ac09338574f"},"newxp_8550":{"experiment_id":"4758464913456","type":"visitor","group":"on","trigger":"launch_visitor","schedule_ts":1679604836,"log_exposures":false,"exposure_id":"ce07dece7dd18fd46d534ac09338574f"},"ssp_migration_magicalimagesrequest":{"experiment_id":"4915781535249","type":"visitor","group":"on","trigger":"launch_visitor","schedule_ts":1678954727,"log_exposures":false,"exposure_id":"ce07dece7dd18fd46d534ac09338574f"},"customer_awards_launch":{"experiment_id":"2673548411155","type":"visitor","group":"on","trigger":"finished","log_exposures":false,"exposure_id":"ce07dece7dd18fd46d534ac09338574f"},"pxp1134_visitor":{"experiment_id":"4935713240724","type":"visitor","group":"on","trigger":"launch_visitor","schedule_ts":1679591488,"log_exposures":false,"exposure_id":"ce07dece7dd18fd46d534ac09338574f"},"umsa_workspace_creation_tnc":{"experiment_id":"4980428855844","type":"visitor","group":"on","trigger":"launch_visitor","schedule_ts":1679334856,"log_exposures":false,"exposure_id":"ce07dece7dd18fd46d534ac09338574f"},"marketing_umsa":{"experiment_id":"4922000108196","type":"visitor","group":"on","trigger":"launch_visitor","schedule_ts":1679317472,"log_exposures":false,"exposure_id":"ce07dece7dd18fd46d534ac09338574f"},"slack_ie_address":{"experiment_id":"4857849748754","type":"visitor","group":"on","trigger":"launch_visitor","schedule_ts":1677793396,"log_exposures":false,"exposure_id":"ce07dece7dd18fd46d534ac09338574f"},"marketing_sxsw":{"experiment_id":"4821565866288","type":"visitor","group":"on","trigger":"launch_visitor","schedule_ts":1677271478,"log_exposures":false,"exposure_id":"ce07dece7dd18fd46d534ac09338574f"},"activation_browser_deprecation_warning_february_2023":{"experiment_id":"4759804946304","type":"visitor","group":"on","trigger":"launch_visitor","schedule_ts":1676312286,"log_exposures":false,"exposure_id":"ce07dece7dd18fd46d534ac09338574f"},"ssp_migration_timerservice":{"experiment_id":"4759704040149","type":"visitor","group":"on","trigger":"launch_visitor","schedule_ts":1675932967,"log_exposures":false,"exposure_id":"ce07dece7dd18fd46d534ac09338574f"},"on24_extension":{"experiment_id":"4772019824211","type":"visitor","group":"on","trigger":"launch_visitor","schedule_ts":1675891595,"log_exposures":false,"exposure_id":"ce07dece7dd18fd46d534ac09338574f"},"ssp_migration_applink":{"experiment_id":"4340924140994","type":"visitor","group":"on","trigger":"launch_visitor","schedule_ts":1675705540,"log_exposures":false,"exposure_id":"ce07dece7dd18fd46d534ac09338574f"},"marketing_allow_events_ko_kr":{"experiment_id":"4622154295463","type":"visitor","group":"on","trigger":"launch_visitor","schedule_ts":1674705608,"log_exposures":false,"exposure_id":"ce07dece7dd18fd46d534ac09338574f"},"ui_gen_blog_and_resources":{"experiment_id":"4648582588263","type":"visitor","group":"on","trigger":"launch_visitor","schedule_ts":1674684949,"log_exposures":false,"exposure_id":"ce07dece7dd18fd46d534ac09338574f"},"proj_brand_customer_stories_lp":{"experiment_id":"3448021380448","type":"visitor","group":"on","trigger":"launch_visitor","schedule_ts":1653596127,"log_exposures":false,"exposure_id":"ce07dece7dd18fd46d534ac09338574f"},"ssp_migration_trace":{"experiment_id":"4260895763510","type":"visitor","group":"on","trigger":"launch_visitor","schedule_ts":1669225936,"log_exposures":false,"exposure_id":"ce07dece7dd18fd46d534ac09338574f"},"govslack_provision_block":{"experiment_id":"3289482788501","type":"visitor","group":"on","trigger":"launch_visitor","schedule_ts":1650990072,"log_exposures":false,"exposure_id":"ce07dece7dd18fd46d534ac09338574f"},"pxp214_2_v":{"experiment_id":"3583633966006","type":"visitor","group":"on","trigger":"launch_visitor","schedule_ts":1662037486,"log_exposures":false,"exposure_id":"ce07dece7dd18fd46d534ac09338574f"},"search_zd_vs_solr":{"experiment_id":"1355709002145","type":"visitor","group":"control","trigger":"finished","log_exposures":false,"exposure_id":"ce07dece7dd18fd46d534ac09338574f"},"digital_first_lightning_strike_custacq":{"experiment_id":"2220660679364","type":"visitor","group":"on","trigger":"launch_visitor","schedule_ts":1625075563,"log_exposures":false,"exposure_id":"ce07dece7dd18fd46d534ac09338574f"},"cust_acq_partners_template":{"experiment_id":"2232204551504","type":"visitor","group":"treatment","trigger":"launch_visitor","schedule_ts":1628191410,"log_exposures":false,"exposure_id":"ce07dece7dd18fd46d534ac09338574f"},"community_launch":{"experiment_id":"2652841576373","type":"visitor","group":"on","trigger":"launch_visitor","schedule_ts":1635871147,"log_exposures":false,"exposure_id":"ce07dece7dd18fd46d534ac09338574f"},"app_directory_partner_promotion_banners":{"experiment_id":"3009458145893","type":"visitor","group":"control","trigger":"finished","log_exposures":false,"exposure_id":"ce07dece7dd18fd46d534ac09338574f"},"app_directory_aws_promotion_banner":{"experiment_id":"3025397781073","type":"visitor","group":"control","trigger":"finished","log_exposures":false,"exposure_id":"ce07dece7dd18fd46d534ac09338574f"}},"no_login":false};</script><script type="text/javascript" crossorigin="anonymous" src="https://a.slack-edge.com/bv1-10/primer-vendor.076c8a0.primer.min.js" onload="window._cdn ? _cdn.ok(this, arguments) : null" onerror="window._cdn ? _cdn.failed(this, arguments) : null"></script><script type="text/javascript" crossorigin="anonymous" src="https://a.slack-edge.com/bv1-10/login-core.28ddeee.primer.min.js" onload="window._cdn ? _cdn.ok(this, arguments) : null" onerror="window._cdn ? _cdn.failed(this, arguments) : null"></script><link href="https://a.slack-edge.com/bv1-10/login-core.fb9a948.primer.min.css" rel="stylesheet" type="text/css" onload="window._cdn ? _cdn.ok(this, arguments) : null" onerror="window._cdn ? _cdn.failed(this, arguments) : null" crossorigin="anonymous"><link href="https://a.slack-edge.com/3b81709/style/rollup-slack_kit_base.css" rel="stylesheet" id="slack_kit_helpers" type="text/css" onload="window._cdn ? _cdn.ok(this, arguments) : null" onerror="window._cdn ? _cdn.failed(this, arguments) : null" crossorigin="anonymous"><link href="https://a.slack-edge.com/5348de5/style/rollup-slack_kit_helpers.css" rel="stylesheet" id="slack_kit_helpers" type="text/css" onload="window._cdn ? _cdn.ok(this, arguments) : null" onerror="window._cdn ? _cdn.failed(this, arguments) : null" crossorigin="anonymous">

<!-- slack-www-hhvm-main-iad-llhw/ 2023-11-15 10:33:42/ v70282eb9c45ec14336d762230138d6affdc1f454/ B:H -->

</body></html>
